--- Error Logged at 2026-06-08T03:31:50.060160466 ---
test
